// Jest Snapshot v1, https://goo.gl/fbAQLP

exports[`CharacterProfile 1`] = `<div />`;
